src/store/projectStore.ts(3,24): error TS2307: Cannot find module './nanoid' or its corresponding type declarations.
